
> backend@0.0.1 build
> nest build

node.exe : [96msrc/r
eport/report.service.
ts[0m:[93m62[0m:[
93m54[0m - 
[91merror[0m[90m 
TS2339: [0mProperty 
'totalAmount' does 
not exist on type '{ 
id: string; type: 
"JOB_CARD" | 
"COUNTER_SALE"; 
workshopId: string; 
customerId: string; 
jobCardId: string | 
null; invoiceDate: 
string; 
invoiceNumber: 
string; totalLabor: 
number; totalParts: 
number; ... 7 more 
...; customer: { 
...; }; }'.
At line:1 char:1
+ & "C:\Program Files
\nodejs/node.exe" 
"C:\Program 
Files\nodejs/node_mo 
...
+ ~~~~~~~~~~~~~~~~~~~
~~~~~~~~~~~~~~~~~~~~~
~~~~~~~~~~~~~~~~~~~~~
~~~~~~~~
    + CategoryInfo   
           : NotSpe  
  cified: ([96msr   
 c/report...: { .    
..; }; }'.:Strin    
g) [], RemoteExc    
eption
    + FullyQualified 
   ErrorId : Native  
  CommandError
 

[7m62[0m           
  b2bTotal: 
b2b.reduce((sum, i) 
=> sum + 
i.totalAmount, 0),
[7m  [0m [91m     
                     
                     
      ~~~~~~~~~~~[0m
[96msrc/report/repor
t.service.ts[0m:[93
m63[0m:[93m54[0m 
- 
[91merror[0m[90m 
TS2339: [0mProperty 
'totalAmount' does 
not exist on type '{ 
id: string; type: 
"JOB_CARD" | 
"COUNTER_SALE"; 
workshopId: string; 
customerId: string; 
jobCardId: string | 
null; invoiceDate: 
string; 
invoiceNumber: 
string; totalLabor: 
number; totalParts: 
number; ... 7 more 
...; customer: { 
...; }; }'.

[7m63[0m           
  b2cTotal: 
b2c.reduce((sum, i) 
=> sum + 
i.totalAmount, 0),
[7m  [0m [91m     
                     
                     
      ~~~~~~~~~~~[0m
[96msrc/report/repor
t.service.ts[0m:[93
m65[0m:[93m143[0m 
- 
[91merror[0m[90m 
TS2339: [0mProperty 
'totalAmount' does 
not exist on type '{ 
id: string; type: 
"JOB_CARD" | 
"COUNTER_SALE"; 
workshopId: string; 
customerId: string; 
jobCardId: string | 
null; invoiceDate: 
string; 
invoiceNumber: 
string; totalLabor: 
number; totalParts: 
number; ... 7 more 
...; customer: { 
...; }; }'.

[7m65[0m           
  b2bInvoices: 
b2b.map(i => ({ no: 
i.invoiceNumber, 
date: i.invoiceDate, 
customer: 
i.customer.name, 
gstin: 
i.customer.gstin, 
amt: i.totalAmount 
})),
[7m  [0m [91m     
                     
                     
                     
                     
                     
                     
           
~~~~~~~~~~~[0m
[96msrc/report/repor
t.service.ts[0m:[93
m116[0m:[93m57[0m 
- 
[91merror[0m[90m 
TS2339: [0mProperty 
'totalAmount' does 
not exist on type '{ 
id: string; type: 
"JOB_CARD" | 
"COUNTER_SALE"; 
workshopId: string; 
customerId: string; 
jobCardId: string | 
null; invoiceDate: 
string; 
invoiceNumber: 
string; totalLabor: 
number; totalParts: 
number; ... 6 more 
...; balance: 
number; }'.

[7m116[0m         
const totalSales = 
sales.reduce((s, i) 
=> s + 
i.totalAmount, 0);
[7m   [0m [91m    
                     
                     
          
~~~~~~~~~~~[0m
[96msrc/report/repor
t.service.ts[0m:[93
m139[0m:[93m54[0m 
- 
[91merror[0m[90m 
TS2339: [0mProperty 
'totalAmount' does 
not exist on type '{ 
id: string; type: 
"JOB_CARD" | 
"COUNTER_SALE"; 
workshopId: string; 
customerId: string; 
jobCardId: string | 
null; invoiceDate: 
string; 
invoiceNumber: 
string; totalLabor: 
number; totalParts: 
number; ... 6 more 
...; balance: 
number; }'.

[7m139[0m         
const revenue = 
sales.reduce((s, i) 
=> s + 
i.totalAmount, 0);
[7m   [0m [91m    
                     
                     
       
~~~~~~~~~~~[0m
[96msrc/slot/slot.se
rvice.ts[0m:[93m46
[0m:[93m51[0m - 
[91merror[0m[90m 
TS2769: [0mNo 
overload matches 
this call.
  Overload 1 of 2, 
'(value: { id: 
string | 
SQL<unknown> | 
Placeholder<string, 
any>; workshopId: 
string | 
SQL<unknown> | 
Placeholder<string, 
any>; title: string 
| SQL<unknown> | 
Placeholder<...>; 
startTime: string | 
... 1 more ... | 
Placeholder<...>; 
endTime: string | 
... 1 more ... | 
Placeholder<...>; 
}): 
PgInsertBase<...>', 
gave the following 
error.
    Argument of type 
'{ name: string; 
startTime: string; 
endTime: string; id: 
`${string}-${string}-
${string}-${string}-$
{string}`; 
workshopId: string; 
}[]' is not 
assignable to 
parameter of type '{ 
id: string | 
SQL<unknown> | 
Placeholder<string, 
any>; workshopId: 
string | 
SQL<unknown> | 
Placeholder<string, 
any>; title: string 
| SQL<unknown> | 
Placeholder<string, 
any>; startTime: 
string | ... 1 more 
... | 
Placeholder<...>; 
endTime: string | 
... 1 more ... | 
Placeholder<...>; }'.
      Type '{ name: 
string; startTime: 
string; endTime: 
string; id: `${string
}-${string}-${string}
-${string}-${string}`
; workshopId: 
string; }[]' is 
missing the 
following properties 
from type '{ id: 
string | 
SQL<unknown> | 
Placeholder<string, 
any>; workshopId: 
string | 
SQL<unknown> | 
Placeholder<string, 
any>; title: string 
| SQL<unknown> | 
Placeholder<string, 
any>; startTime: 
string | ... 1 more 
... | 
Placeholder<...>; 
endTime: string | 
... 1 more ... | 
Placeholder<...>; 
}': id, workshopId, 
title, startTime, 
endTime
  Overload 2 of 2, 
'(values: { id: 
string | 
SQL<unknown> | 
Placeholder<string, 
any>; workshopId: 
string | 
SQL<unknown> | 
Placeholder<string, 
any>; title: string 
| SQL<unknown> | 
Placeholder<...>; 
startTime: string | 
... 1 more ... | 
Placeholder<...>; 
endTime: string | 
... 1 more ... | 
Placeholder<...>; 
}[]): 
PgInsertBase<...>', 
gave the following 
error.
    Argument of type 
'{ name: string; 
startTime: string; 
endTime: string; id: 
`${string}-${string}-
${string}-${string}-$
{string}`; 
workshopId: string; 
}[]' is not 
assignable to 
parameter of type '{ 
id: string | 
SQL<unknown> | 
Placeholder<string, 
any>; workshopId: 
string | 
SQL<unknown> | 
Placeholder<string, 
any>; title: string 
| SQL<unknown> | 
Placeholder<string, 
any>; startTime: 
string | ... 1 more 
... | 
Placeholder<...>; 
endTime: string | 
... 1 more ... | 
Placeholder<...>; 
}[]'.
      Property 
'title' is missing 
in type '{ name: 
string; startTime: 
string; endTime: 
string; id: `${string
}-${string}-${string}
-${string}-${string}`
; workshopId: 
string; }' but 
required in type '{ 
id: string | 
SQL<unknown> | 
Placeholder<string, 
any>; workshopId: 
string | 
SQL<unknown> | 
Placeholder<string, 
any>; title: string 
| SQL<unknown> | 
Placeholder<string, 
any>; startTime: 
string | ... 1 more 
... | 
Placeholder<...>; 
endTime: string | 
... 1 more ... | 
Placeholder<...>; }'.

[7m 46[0m       
await this.db.insert(
workshopBreaks).value
s(breaksList.map(b 
=> ({
[7m   [0m [91m    
                     
                     
    ~~~~~~~~~~~~~~~~~
~~~~~[0m
[7m 47[0m         
id: 
crypto.randomUUID(),
[7m   [0m [91m~~~~
~~~~~~~~~~~~~~~~~~~~~
~~~~~~~[0m
[7m...[0m 
[7m 49[0m         
...b
[7m   [0m 
[91m~~~~~~~~~~~~[0m
[7m 50[0m       
})));
[7m   [0m 
[91m~~~~~~~~~[0m


Found 6 error(s).

