
> backend@0.0.1 build
> nest build

node.exe : [96msrc/r
eport/report.service.
ts[0m:[93m62[0m:[
93m54[0m - 
[91merror[0m[90m 
TS2339: [0mProperty 
'totalAmount' does 
not exist on type '{ 
id: string; type: 
"JOB_CARD" | 
"COUNTER_SALE"; 
workshopId: string; 
customerId: string; 
jobCardId: string | 
null; invoiceDate: 
string; 
invoiceNumber: 
string; totalLabor: 
number; totalParts: 
number; ... 7 more 
...; customer: { 
...; }; }'.
At line:1 char:1
+ & "C:\Program Files
\nodejs/node.exe" 
"C:\Program 
Files\nodejs/node_mo 
...
+ ~~~~~~~~~~~~~~~~~~~
~~~~~~~~~~~~~~~~~~~~~
~~~~~~~~~~~~~~~~~~~~~
~~~~~~~~
    + CategoryInfo   
           : NotSpe  
  cified: ([96msr   
 c/report...: { .    
..; }; }'.:Strin    
g) [], RemoteExc    
eption
    + FullyQualified 
   ErrorId : Native  
  CommandError
 

[7m62[0m           
  b2bTotal: 
b2b.reduce((sum, i) 
=> sum + 
i.totalAmount, 0),
[7m  [0m [91m     
                     
                     
      ~~~~~~~~~~~[0m
[96msrc/report/repor
t.service.ts[0m:[93
m63[0m:[93m54[0m 
- 
[91merror[0m[90m 
TS2339: [0mProperty 
'totalAmount' does 
not exist on type '{ 
id: string; type: 
"JOB_CARD" | 
"COUNTER_SALE"; 
workshopId: string; 
customerId: string; 
jobCardId: string | 
null; invoiceDate: 
string; 
invoiceNumber: 
string; totalLabor: 
number; totalParts: 
number; ... 7 more 
...; customer: { 
...; }; }'.

[7m63[0m           
  b2cTotal: 
b2c.reduce((sum, i) 
=> sum + 
i.totalAmount, 0),
[7m  [0m [91m     
                     
                     
      ~~~~~~~~~~~[0m
[96msrc/report/repor
t.service.ts[0m:[93
m65[0m:[93m143[0m 
- 
[91merror[0m[90m 
TS2339: [0mProperty 
'totalAmount' does 
not exist on type '{ 
id: string; type: 
"JOB_CARD" | 
"COUNTER_SALE"; 
workshopId: string; 
customerId: string; 
jobCardId: string | 
null; invoiceDate: 
string; 
invoiceNumber: 
string; totalLabor: 
number; totalParts: 
number; ... 7 more 
...; customer: { 
...; }; }'.

[7m65[0m           
  b2bInvoices: 
b2b.map(i => ({ no: 
i.invoiceNumber, 
date: i.invoiceDate, 
customer: 
i.customer.name, 
gstin: 
i.customer.gstin, 
amt: i.totalAmount 
})),
[7m  [0m [91m     
                     
                     
                     
                     
                     
                     
           
~~~~~~~~~~~[0m
[96msrc/report/repor
t.service.ts[0m:[93
m116[0m:[93m57[0m 
- 
[91merror[0m[90m 
TS2339: [0mProperty 
'totalAmount' does 
not exist on type '{ 
id: string; type: 
"JOB_CARD" | 
"COUNTER_SALE"; 
workshopId: string; 
customerId: string; 
jobCardId: string | 
null; invoiceDate: 
string; 
invoiceNumber: 
string; totalLabor: 
number; totalParts: 
number; ... 6 more 
...; balance: 
number; }'.

[7m116[0m         
const totalSales = 
sales.reduce((s, i) 
=> s + 
i.totalAmount, 0);
[7m   [0m [91m    
                     
                     
          
~~~~~~~~~~~[0m
[96msrc/report/repor
t.service.ts[0m:[93
m139[0m:[93m54[0m 
- 
[91merror[0m[90m 
TS2339: [0mProperty 
'totalAmount' does 
not exist on type '{ 
id: string; type: 
"JOB_CARD" | 
"COUNTER_SALE"; 
workshopId: string; 
customerId: string; 
jobCardId: string | 
null; invoiceDate: 
string; 
invoiceNumber: 
string; totalLabor: 
number; totalParts: 
number; ... 6 more 
...; balance: 
number; }'.

[7m139[0m         
const revenue = 
sales.reduce((s, i) 
=> s + 
i.totalAmount, 0);
[7m   [0m [91m    
                     
                     
       
~~~~~~~~~~~[0m
[96msrc/report/repor
t.service.ts[0m:[93
m151[0m:[93m24[0m 
- 
[91merror[0m[90m 
TS2552: [0mCannot 
find name 'inArray'. 
Did you mean 'Array'?

[7m151[0m          
       where: 
inArray(invoices.id, 
invoiceIds),
[7m   [0m [91m    
                   
~~~~~~~[0m

  [96mnode_modules/t
ypescript/lib/lib.es5
.d.ts[0m:[93m1524[
0m:[93m13[0m
    [7m1524[0m 
declare var Array: 
ArrayConstructor;
    [7m    [0m 
[96m            
~~~~~[0m
    'Array' is 
declared here.

Found 6 error(s).

