src/auth/auth.controller.ts(10,17): error TS7006: Parameter 'body' implicitly has an 'any' type.
src/billing/billing.service.ts(22,59): error TS2339: Property 'price' does not exist on type '{ item: { id: string; name: string; createdAt: Date; updatedAt: Date; workshopId: string; brand: string | null; isOem: boolean; hsnCode: string | null; taxPercent: number; }; } & { ...; }'.
src/billing/billing.service.ts(32,17): error TS2561: Object literal may only specify known properties, but 'invoiceType' does not exist in type 'Without<InvoiceCreateInput, InvoiceUncheckedCreateInput> & InvoiceUncheckedCreateInput'. Did you mean to write 'invoiceDate'?
