src/inventory/inventory.service.ts(45,57): error TS2769: No overload matches this call.
  Overload 1 of 2, '(value: { id: string | SQL<unknown> | Placeholder<string, any>; name: string | SQL<unknown> | Placeholder<string, any>; updatedAt: string | SQL<unknown> | Placeholder<...>; ... 9 more ...; description?: string | ... 3 more ... | undefined; }): PgInsertBase<...>', gave the following error.
    Argument of type '{ id: `${string}-${string}-${string}-${string}-${string}`; workshopId: any; name: any; brand: any; isOem: any; hsnCode: any; taxPercent: any; reorderLevel: any; categoryId: any; subCategoryId: any; description: any; }' is not assignable to parameter of type '{ id: string | SQL<unknown> | Placeholder<string, any>; name: string | SQL<unknown> | Placeholder<string, any>; updatedAt: string | SQL<unknown> | Placeholder<string, any>; ... 9 more ...; description?: string | ... 3 more ... | undefined; }'.
      Property 'updatedAt' is missing in type '{ id: `${string}-${string}-${string}-${string}-${string}`; workshopId: any; name: any; brand: any; isOem: any; hsnCode: any; taxPercent: any; reorderLevel: any; categoryId: any; subCategoryId: any; description: any; }' but required in type '{ id: string | SQL<unknown> | Placeholder<string, any>; name: string | SQL<unknown> | Placeholder<string, any>; updatedAt: string | SQL<unknown> | Placeholder<string, any>; ... 9 more ...; description?: string | ... 3 more ... | undefined; }'.
  Overload 2 of 2, '(values: { id: string | SQL<unknown> | Placeholder<string, any>; name: string | SQL<unknown> | Placeholder<string, any>; updatedAt: string | SQL<unknown> | Placeholder<...>; ... 9 more ...; description?: string | ... 3 more ... | undefined; }[]): PgInsertBase<...>', gave the following error.
    Object literal may only specify known properties, and 'id' does not exist in type '{ id: string | SQL<unknown> | Placeholder<string, any>; name: string | SQL<unknown> | Placeholder<string, any>; updatedAt: string | SQL<unknown> | Placeholder<string, any>; ... 9 more ...; description?: string | ... 3 more ... | undefined; }[]'.
src/master-data/master-data.module.ts(2,38): error TS2307: Cannot find module './master-data.controller' or its corresponding type declarations.
src/master-data/master-data.module.ts(3,35): error TS2307: Cannot find module './master-data.service' or its corresponding type declarations.
src/purchase/purchase.service.ts(198,61): error TS2769: No overload matches this call.
  Overload 1 of 2, '(value: { id: string | SQL<unknown> | Placeholder<string, any>; name: string | SQL<unknown> | Placeholder<string, any>; updatedAt: string | SQL<unknown> | Placeholder<...>; ... 9 more ...; description?: string | ... 3 more ... | undefined; }): PgInsertBase<...>', gave the following error.
    Argument of type '{ id: `${string}-${string}-${string}-${string}-${string}`; workshopId: string; name: string; brand: string; hsnCode: string; taxPercent: number; updatedAt: string; }' is not assignable to parameter of type '{ id: string | SQL<unknown> | Placeholder<string, any>; name: string | SQL<unknown> | Placeholder<string, any>; updatedAt: string | SQL<unknown> | Placeholder<string, any>; ... 9 more ...; description?: string | ... 3 more ... | undefined; }'.
      Property 'categoryId' is missing in type '{ id: `${string}-${string}-${string}-${string}-${string}`; workshopId: string; name: string; brand: string; hsnCode: string; taxPercent: number; updatedAt: string; }' but required in type '{ id: string | SQL<unknown> | Placeholder<string, any>; name: string | SQL<unknown> | Placeholder<string, any>; updatedAt: string | SQL<unknown> | Placeholder<string, any>; ... 9 more ...; description?: string | ... 3 more ... | undefined; }'.
  Overload 2 of 2, '(values: { id: string | SQL<unknown> | Placeholder<string, any>; name: string | SQL<unknown> | Placeholder<string, any>; updatedAt: string | SQL<unknown> | Placeholder<...>; ... 9 more ...; description?: string | ... 3 more ... | undefined; }[]): PgInsertBase<...>', gave the following error.
    Object literal may only specify known properties, and 'id' does not exist in type '{ id: string | SQL<unknown> | Placeholder<string, any>; name: string | SQL<unknown> | Placeholder<string, any>; updatedAt: string | SQL<unknown> | Placeholder<string, any>; ... 9 more ...; description?: string | ... 3 more ... | undefined; }[]'.
src/report/report.module.ts(2,34): error TS2307: Cannot find module './report.controller' or its corresponding type declarations.
src/report/report.module.ts(3,31): error TS2307: Cannot find module './report.service' or its corresponding type declarations.
src/slot/slot.module.ts(2,29): error TS2307: Cannot find module './slot.service' or its corresponding type declarations.
src/slot/slot.module.ts(3,32): error TS2307: Cannot find module './slot.controller' or its corresponding type declarations.
