src/auth/auth.service.ts(161,56): error TS2345: Argument of type 'string | null' is not assignable to parameter of type 'string'.
  Type 'null' is not assignable to type 'string'.
src/client/client.controller.ts(4,24): error TS2307: Cannot find module '../auth/public.decorator' or its corresponding type declarations.
src/client/client.service.ts(48,55): error TS2769: No overload matches this call.
  Overload 1 of 2, '(value: { id: string | SQL<unknown> | Placeholder<string, any>; mobile: string | SQL<unknown> | Placeholder<string, any>; role: "SUPER_ADMIN" | "WORKSHOP_ADMIN" | ... 6 more ... | Placeholder<...>; ... 5 more ...; workshopId?: string | ... 3 more ... | undefined; }): PgInsertBase<...>', gave the following error.
    Argument of type '{ id: string; name: string; email: string; mobile: string; password: string; role: any; }' is not assignable to parameter of type '{ id: string | SQL<unknown> | Placeholder<string, any>; mobile: string | SQL<unknown> | Placeholder<string, any>; role: "SUPER_ADMIN" | "WORKSHOP_ADMIN" | ... 6 more ... | Placeholder<...>; ... 5 more ...; workshopId?: string | ... 3 more ... | undefined; }'.
      Property 'updatedAt' is missing in type '{ id: string; name: string; email: string; mobile: string; password: string; role: any; }' but required in type '{ id: string | SQL<unknown> | Placeholder<string, any>; mobile: string | SQL<unknown> | Placeholder<string, any>; role: "SUPER_ADMIN" | "WORKSHOP_ADMIN" | ... 6 more ... | Placeholder<...>; ... 5 more ...; workshopId?: string | ... 3 more ... | undefined; }'.
  Overload 2 of 2, '(values: { id: string | SQL<unknown> | Placeholder<string, any>; mobile: string | SQL<unknown> | Placeholder<string, any>; role: "SUPER_ADMIN" | "WORKSHOP_ADMIN" | ... 6 more ... | Placeholder<...>; ... 5 more ...; workshopId?: string | ... 3 more ... | undefined; }[]): PgInsertBase<...>', gave the following error.
    Object literal may only specify known properties, and 'id' does not exist in type '{ id: string | SQL<unknown> | Placeholder<string, any>; mobile: string | SQL<unknown> | Placeholder<string, any>; role: "SUPER_ADMIN" | "WORKSHOP_ADMIN" | ... 6 more ... | Placeholder<...>; ... 5 more ...; workshopId?: string | ... 3 more ... | undefined; }[]'.
src/client/client.service.ts(191,33): error TS2339: Property 'color' does not exist on type '{ id: string; createdAt: string; updatedAt: string; workshopId: string | null; regNumber: string; chassisNumber: string | null; engineNumber: string | null; vin: string | null; mfgYear: number | null; variantId: string; pollutionExpiryDate: string | null; insuranceExpiryDate: string | null; variant: { ...; }; }'.
src/client/client.service.ts(237,48): error TS2339: Property 'partnerCategories' does not exist on type '{ readonly makes: RelationalQueryBuilder<ExtractTablesWithRelations<typeof import("D:/Motract-SaaS/backend/src/drizzle/schema")>, { tsName: "makes"; dbName: "makes"; columns: { id: PgColumn<{ name: "id"; ... 13 more ...; generated: undefined; }, {}, {}>; name: PgColumn<...>; }; relations: { ...; }; primaryKey: AnyCo...'.
src/client/client.service.ts(238,30): error TS2339: Property 'partnerCategories' does not exist on type 'typeof import("D:/Motract-SaaS/backend/src/drizzle/schema")'.
src/client/client.service.ts(247,17): error TS2353: Object literal may only specify known properties, and 'organization' does not exist in type '{ customers?: true | DBQueryConfig<"many", false, ExtractTablesWithRelations<typeof import("D:/Motract-SaaS/backend/src/drizzle/schema")>, { tsName: "customers"; dbName: "customers"; columns: { ...; }; relations: { ...; }; primaryKey: AnyColumn[]; }> | undefined; ... 9 more ...; services?: true | ... 1 more ... | un...'.
src/client/client.service.ts(256,19): error TS2339: Property 'organization' does not exist on type '{ id: string; email: string | null; mobile: string; name: string; createdAt: string; updatedAt: string; address: string | null; city: string | null; state: string | null; pincode: string | null; ... 8 more ...; workingDays: string[] | null; }'.
src/client/client.service.ts(265,19): error TS2339: Property 'organization' does not exist on type '{ id: string; email: string | null; mobile: string; name: string; createdAt: string; updatedAt: string; address: string | null; city: string | null; state: string | null; pincode: string | null; ... 8 more ...; workingDays: string[] | null; }'.
src/client/client.service.ts(271,31): error TS2339: Property 'organization' does not exist on type '{ id: string; email: string | null; mobile: string; name: string; createdAt: string; updatedAt: string; address: string | null; city: string | null; state: string | null; pincode: string | null; ... 8 more ...; workingDays: string[] | null; }'.
src/client/client.service.ts(273,22): error TS2339: Property 'phone' does not exist on type '{ id: string; email: string | null; mobile: string; name: string; createdAt: string; updatedAt: string; address: string | null; city: string | null; state: string | null; pincode: string | null; ... 8 more ...; workingDays: string[] | null; }'.
src/client/client.service.ts(273,33): error TS2339: Property 'organization' does not exist on type '{ id: string; email: string | null; mobile: string; name: string; createdAt: string; updatedAt: string; address: string | null; city: string | null; state: string | null; pincode: string | null; ... 8 more ...; workingDays: string[] | null; }'.
src/client/client.service.ts(274,20): error TS2339: Property 'lat' does not exist on type '{ id: string; email: string | null; mobile: string; name: string; createdAt: string; updatedAt: string; address: string | null; city: string | null; state: string | null; pincode: string | null; ... 8 more ...; workingDays: string[] | null; }'.
src/client/client.service.ts(275,20): error TS2339: Property 'lng' does not exist on type '{ id: string; email: string | null; mobile: string; name: string; createdAt: string; updatedAt: string; address: string | null; city: string | null; state: string | null; pincode: string | null; ... 8 more ...; workingDays: string[] | null; }'.
src/client/client.service.ts(276,23): error TS2339: Property 'rating' does not exist on type '{ id: string; email: string | null; mobile: string; name: string; createdAt: string; updatedAt: string; address: string | null; city: string | null; state: string | null; pincode: string | null; ... 8 more ...; workingDays: string[] | null; }'.
